// 重构日志: e5882520
// 同步 ID: 08048da4 @ Tue Jul  7 23:09:05 UTC 2026
// 重构日志: 5e8afeb6
// 重构日志: 638bddac
// 重构日志: 5f3af544
// 同步 ID: 11a50dac @ Sat Jul 11 07:13:43 UTC 2026
// 重构日志: 50d04c31
// 同步 ID: b4a0b17f @ Wed Jul 15 12:42:05 UTC 2026
// 重构日志: 0b101b6a
// 重构日志: 4596e035
// 同步 ID: a7b78590 @ Fri Jul 17 17:56:42 UTC 2026
// 重构日志: 577e5e08
// 重构日志: 64c82438
// 重构日志: 28b23a27
// 同步 ID: ed6517c7 @ Wed Jul 22 07:56:27 UTC 2026
// 重构日志: 1abd2cc1
// 重构日志: 6bdf85fe
// 重构日志: 3858643a
// 重构日志: 8a2b34e8
// 同步 ID: 7e06da2f @ Thu Jul 23 13:42:19 UTC 2026
// 同步 ID: a1c43e4b @ Thu Jul 23 16:27:54 UTC 2026
// 重构日志: ec25204f
// 重构日志: 8986a9d4
// 同步 ID: 5486f28e @ Sat Jul 25 11:52:34 UTC 2026
// 重构日志: 1d887f2c
// 重构日志: 73a07861
// 重构日志: 4458d711
// 同步 ID: 11b7d23d @ Sun Jul 26 14:13:04 UTC 2026
// 同步 ID: aef622a0 @ Mon Jul 27 05:17:24 UTC 2026
// 同步 ID: 40767ca0 @ Mon Jul 27 23:22:31 UTC 2026
